=== sanitized attempt 1 ===
Traceback (most recent call last):
  File "/home/runner/work/blogger-bot/blogger-bot/master_dynamic_pipeline.py", line 78, in <module>
    if __name__=='__main__':main()
                            ^^^^^^
  File "/home/runner/work/blogger-bot/blogger-bot/master_dynamic_pipeline.py", line 70, in main
    if a.prepare:prepare(a.kind,a.slot)
                 ^^^^^^^^^^^^^^^^^^^^^^
  File "/home/runner/work/blogger-bot/blogger-bot/master_dynamic_pipeline.py", line 46, in prepare
    plan,item=selected(kind,slot);target=package_path(kind,item);package=preparer.build_package(topic_for(kind,item),target);validate(package);title,slug,meta,labels,body=build_html(kind,item,package,check_remote_images=False)
                                                                         ^^^^^^^^^^^^^^^^^^^^^^^^^^^^^^^^^^^^^^^^^^^^^^^^^^^
  File "/home/runner/work/blogger-bot/blogger-bot/prepare_master_article.py", line 437, in build_package
    STAGE='source-discovery';evidence=discover(topic)
                                      ^^^^^^^^^^^^^^^
  File "/home/runner/work/blogger-bot/blogger-bot/prepare_master_article.py", line 149, in discover
    if len(evidence)<6:raise RuntimeError(f'only {len(evidence)} usable topic-specific scholarly/primary sources found; minimum 6')
                       ^^^^^^^^^^^^^^^^^^^^^^^^^^^^^^^^^^^^^^^^^^^^^^^^^^^^^^^^^^^^^^^^^^^^^^^^^^^^^^^^^^^^^^^^^^^^^^^^^^^^^^^^^^^^
RuntimeError: only 1 usable topic-specific scholarly/primary sources found; minimum 6
=== sanitized attempt 2 ===
Traceback (most recent call last):
  File "/home/runner/work/blogger-bot/blogger-bot/master_dynamic_pipeline.py", line 78, in <module>
    if __name__=='__main__':main()
                            ^^^^^^
  File "/home/runner/work/blogger-bot/blogger-bot/master_dynamic_pipeline.py", line 70, in main
    if a.prepare:prepare(a.kind,a.slot)
                 ^^^^^^^^^^^^^^^^^^^^^^
  File "/home/runner/work/blogger-bot/blogger-bot/master_dynamic_pipeline.py", line 46, in prepare
    plan,item=selected(kind,slot);target=package_path(kind,item);package=preparer.build_package(topic_for(kind,item),target);validate(package);title,slug,meta,labels,body=build_html(kind,item,package,check_remote_images=False)
                                                                         ^^^^^^^^^^^^^^^^^^^^^^^^^^^^^^^^^^^^^^^^^^^^^^^^^^^
  File "/home/runner/work/blogger-bot/blogger-bot/prepare_master_article.py", line 437, in build_package
    STAGE='source-discovery';evidence=discover(topic)
                                      ^^^^^^^^^^^^^^^
  File "/home/runner/work/blogger-bot/blogger-bot/prepare_master_article.py", line 149, in discover
    if len(evidence)<6:raise RuntimeError(f'only {len(evidence)} usable topic-specific scholarly/primary sources found; minimum 6')
                       ^^^^^^^^^^^^^^^^^^^^^^^^^^^^^^^^^^^^^^^^^^^^^^^^^^^^^^^^^^^^^^^^^^^^^^^^^^^^^^^^^^^^^^^^^^^^^^^^^^^^^^^^^^^^
RuntimeError: only 1 usable topic-specific scholarly/primary sources found; minimum 6
=== sanitized attempt 3 ===
Traceback (most recent call last):
  File "/home/runner/work/blogger-bot/blogger-bot/master_dynamic_pipeline.py", line 78, in <module>
    if __name__=='__main__':main()
                            ^^^^^^
  File "/home/runner/work/blogger-bot/blogger-bot/master_dynamic_pipeline.py", line 70, in main
    if a.prepare:prepare(a.kind,a.slot)
                 ^^^^^^^^^^^^^^^^^^^^^^
  File "/home/runner/work/blogger-bot/blogger-bot/master_dynamic_pipeline.py", line 46, in prepare
    plan,item=selected(kind,slot);target=package_path(kind,item);package=preparer.build_package(topic_for(kind,item),target);validate(package);title,slug,meta,labels,body=build_html(kind,item,package,check_remote_images=False)
                                                                         ^^^^^^^^^^^^^^^^^^^^^^^^^^^^^^^^^^^^^^^^^^^^^^^^^^^
  File "/home/runner/work/blogger-bot/blogger-bot/prepare_master_article.py", line 437, in build_package
    STAGE='source-discovery';evidence=discover(topic)
                                      ^^^^^^^^^^^^^^^
  File "/home/runner/work/blogger-bot/blogger-bot/prepare_master_article.py", line 149, in discover
    if len(evidence)<6:raise RuntimeError(f'only {len(evidence)} usable topic-specific scholarly/primary sources found; minimum 6')
                       ^^^^^^^^^^^^^^^^^^^^^^^^^^^^^^^^^^^^^^^^^^^^^^^^^^^^^^^^^^^^^^^^^^^^^^^^^^^^^^^^^^^^^^^^^^^^^^^^^^^^^^^^^^^^
RuntimeError: only 1 usable topic-specific scholarly/primary sources found; minimum 6
